client/src/components/3d/Background3D.tsx(6,17): error TS2554: Expected 1 arguments, but got 0.
client/src/components/3d/FloatingRings3D.tsx(6,17): error TS2554: Expected 1 arguments, but got 0.
client/src/components/3d/Hero3DElement.tsx(6,21): error TS2554: Expected 1 arguments, but got 0.
